// Jest Snapshot v1, https://goo.gl/fbAQLP

exports[`should render Header Correctly 1`] = `
<div>
  <h1>
    Login
  </h1>
  <input
    name="id"
    onChange={[Function]}
    type="text"
  />
  <input
    name="password"
    onChange={[Function]}
    type="password"
  />
  <button
    onClick={[Function]}
  >
    Login
  </button>
  <button>
    Google Login
  </button>
</div>
`;
